// Jest Snapshot v1, https://goo.gl/fbAQLP

exports[`should render  login page 1`] = `
<div
  className="box-layout"
>
  <div
    className="box-layout__box"
  >
    <h1
      className="box-layout__title"
    >
      Login page React-POP
    </h1>
    <p>
      expenses
    </p>
    <button
      className="button"
    >
      Login met Google
    </button>
  </div>
</div>
`;
